// Jest Snapshot v1, https://goo.gl/fbAQLP

exports[`Snapshot tests Matches existing Snapshot 1`] = `
<div
  className="css-gklzgs"
>
  <img
    alt="Rear view of modern home with pool"
    className="chakra-image css-0"
    src="https://bit.ly/2Z4KKcF"
  />
  <div
    className="css-1vae7t2"
  >
    <div
      className="css-x1sij0"
    >
      <span
        className="chakra-badge css-9doude"
      >
        New
      </span>
      <div
        className="css-qvxrcx"
      >
        Available on : 
        25/10/2019
      </div>
    </div>
    <h4
      className="css-1u4mx17"
    >
      taName
    </h4>
    <div
      className="css-0"
    >
      $
      dasdsa
      <span
        className="css-bgvdb6"
      >
        / wk
      </span>
    </div>
    <div
      className="css-15yujhg"
    >
      <svg
        className="chakra-icon css-4i8mdq"
        focusable={false}
        viewBox="0 0 24 24"
      >
        <path
          d="M23.555,8.729a1.505,1.505,0,0,0-1.406-.98H16.062a.5.5,0,0,1-.472-.334L13.405,1.222a1.5,1.5,0,0,0-2.81,0l-.005.016L8.41,7.415a.5.5,0,0,1-.471.334H1.85A1.5,1.5,0,0,0,.887,10.4l5.184,4.3a.5.5,0,0,1,.155.543L4.048,21.774a1.5,1.5,0,0,0,2.31,1.684l5.346-3.92a.5.5,0,0,1,.591,0l5.344,3.919a1.5,1.5,0,0,0,2.312-1.683l-2.178-6.535a.5.5,0,0,1,.155-.543l5.194-4.306A1.5,1.5,0,0,0,23.555,8.729Z"
          fill="currentColor"
        />
      </svg>
      <svg
        className="chakra-icon css-4i8mdq"
        focusable={false}
        viewBox="0 0 24 24"
      >
        <path
          d="M23.555,8.729a1.505,1.505,0,0,0-1.406-.98H16.062a.5.5,0,0,1-.472-.334L13.405,1.222a1.5,1.5,0,0,0-2.81,0l-.005.016L8.41,7.415a.5.5,0,0,1-.471.334H1.85A1.5,1.5,0,0,0,.887,10.4l5.184,4.3a.5.5,0,0,1,.155.543L4.048,21.774a1.5,1.5,0,0,0,2.31,1.684l5.346-3.92a.5.5,0,0,1,.591,0l5.344,3.919a1.5,1.5,0,0,0,2.312-1.683l-2.178-6.535a.5.5,0,0,1,.155-.543l5.194-4.306A1.5,1.5,0,0,0,23.555,8.729Z"
          fill="currentColor"
        />
      </svg>
      <svg
        className="chakra-icon css-4i8mdq"
        focusable={false}
        viewBox="0 0 24 24"
      >
        <path
          d="M23.555,8.729a1.505,1.505,0,0,0-1.406-.98H16.062a.5.5,0,0,1-.472-.334L13.405,1.222a1.5,1.5,0,0,0-2.81,0l-.005.016L8.41,7.415a.5.5,0,0,1-.471.334H1.85A1.5,1.5,0,0,0,.887,10.4l5.184,4.3a.5.5,0,0,1,.155.543L4.048,21.774a1.5,1.5,0,0,0,2.31,1.684l5.346-3.92a.5.5,0,0,1,.591,0l5.344,3.919a1.5,1.5,0,0,0,2.312-1.683l-2.178-6.535a.5.5,0,0,1,.155-.543l5.194-4.306A1.5,1.5,0,0,0,23.555,8.729Z"
          fill="currentColor"
        />
      </svg>
      <svg
        className="chakra-icon css-4i8mdq"
        focusable={false}
        viewBox="0 0 24 24"
      >
        <path
          d="M23.555,8.729a1.505,1.505,0,0,0-1.406-.98H16.062a.5.5,0,0,1-.472-.334L13.405,1.222a1.5,1.5,0,0,0-2.81,0l-.005.016L8.41,7.415a.5.5,0,0,1-.471.334H1.85A1.5,1.5,0,0,0,.887,10.4l5.184,4.3a.5.5,0,0,1,.155.543L4.048,21.774a1.5,1.5,0,0,0,2.31,1.684l5.346-3.92a.5.5,0,0,1,.591,0l5.344,3.919a1.5,1.5,0,0,0,2.312-1.683l-2.178-6.535a.5.5,0,0,1,.155-.543l5.194-4.306A1.5,1.5,0,0,0,23.555,8.729Z"
          fill="currentColor"
        />
      </svg>
      <svg
        className="chakra-icon css-1fdnb51"
        focusable={false}
        viewBox="0 0 24 24"
      >
        <path
          d="M23.555,8.729a1.505,1.505,0,0,0-1.406-.98H16.062a.5.5,0,0,1-.472-.334L13.405,1.222a1.5,1.5,0,0,0-2.81,0l-.005.016L8.41,7.415a.5.5,0,0,1-.471.334H1.85A1.5,1.5,0,0,0,.887,10.4l5.184,4.3a.5.5,0,0,1,.155.543L4.048,21.774a1.5,1.5,0,0,0,2.31,1.684l5.346-3.92a.5.5,0,0,1,.591,0l5.344,3.919a1.5,1.5,0,0,0,2.312-1.683l-2.178-6.535a.5.5,0,0,1,.155-.543l5.194-4.306A1.5,1.5,0,0,0,23.555,8.729Z"
          fill="currentColor"
        />
      </svg>
      <span
        className="css-ekuaes"
      >
        City:   
        amman
      </span>
    </div>
  </div>
</div>
`;
