// Jest Snapshot v1, https://goo.gl/fbAQLP

exports[`Snapshot tests Matches existing Snapshot 1`] = `
Array [
  <p
    className="chakra-text css-x4lmqn"
  >
    Search by price
  </p>,
  <div
    className="chakra-slider css-snk6g7"
    style={
      Object {
        "WebkitTapHighlightColor": "rgba(0,0,0,0)",
        "outline": 0,
        "paddingBottom": 0,
        "paddingTop": 0,
        "position": "relative",
        "touchAction": "none",
        "userSelect": "none",
      }
    }
    tabIndex={-1}
  >
    <div
      className="chakra-slider__track css-1d8jzoz"
      id="slider-track-4525779299-1"
      style={
        Object {
          "position": "absolute",
          "top": "50%",
          "transform": "translateY(-50%)",
          "width": "100%",
        }
      }
    >
      <div
        className="chakra-slider__filled-track css-5xam2"
        style={
          Object {
            "left": 0,
            "position": "absolute",
            "top": "50%",
            "transform": "translateY(-50%)",
            "width": "0%",
          }
        }
      />
    </div>
    <div
      aria-label="slider-ex-4"
      aria-orientation="horizontal"
      aria-valuemax={350}
      aria-valuemin={200}
      aria-valuenow={200}
      className="chakra-slider__thumb css-1wrxcqj"
      id="slider-thumb-4525779299-1"
      onBlur={[Function]}
      onFocus={[Function]}
      onKeyDown={[Function]}
      role="slider"
      style={
        Object {
          "MozUserSelect": "none",
          "WebkitUserSelect": "none",
          "left": "calc(0% - 0px)",
          "msUserSelect": "none",
          "position": "absolute",
          "touchAction": "none",
          "userSelect": "none",
        }
      }
      tabIndex={0}
    >
      <svg
        className="chakra-icon css-mlftvw"
        focusable={false}
        viewBox="0 0 24 24"
      >
        <path
          d="M23.555,8.729a1.505,1.505,0,0,0-1.406-.98H16.062a.5.5,0,0,1-.472-.334L13.405,1.222a1.5,1.5,0,0,0-2.81,0l-.005.016L8.41,7.415a.5.5,0,0,1-.471.334H1.85A1.5,1.5,0,0,0,.887,10.4l5.184,4.3a.5.5,0,0,1,.155.543L4.048,21.774a1.5,1.5,0,0,0,2.31,1.684l5.346-3.92a.5.5,0,0,1,.591,0l5.344,3.919a1.5,1.5,0,0,0,2.312-1.683l-2.178-6.535a.5.5,0,0,1,.155-.543l5.194-4.306A1.5,1.5,0,0,0,23.555,8.729Z"
          fill="currentColor"
        />
      </svg>
    </div>
    <input
      type="hidden"
      value={200}
    />
  </div>,
]
`;
